src/app/store/dashboard/dashboard.effects.spec.ts(37,9): error TS2349: This expression is not callable.
  Type 'TestContext' has no call signatures.
src/app/store/dashboard/dashboard.effects.spec.ts(46,9): error TS2349: This expression is not callable.
  Type 'TestContext' has no call signatures.
src/app/store/dashboard/dashboard.effects.spec.ts(56,9): error TS2349: This expression is not callable.
  Type 'TestContext' has no call signatures.
src/app/store/dashboard/dashboard.effects.spec.ts(65,9): error TS2349: This expression is not callable.
  Type 'TestContext' has no call signatures.
src/app/store/dashboard/dashboard.effects.spec.ts(85,9): error TS2349: This expression is not callable.
  Type 'TestContext' has no call signatures.
src/app/store/dashboard/dashboard.effects.spec.ts(103,9): error TS2349: This expression is not callable.
  Type 'TestContext' has no call signatures.
src/app/store/dashboard/dashboard.effects.spec.ts(123,9): error TS2349: This expression is not callable.
  Type 'TestContext' has no call signatures.
src/app/store/dashboard/dashboard.effects.spec.ts(131,9): error TS2322: Type '"flex"' is not assignable to type '"grid" | "list"'.
src/app/store/dashboard/dashboard.effects.spec.ts(141,9): error TS2349: This expression is not callable.
  Type 'TestContext' has no call signatures.
src/app/store/dashboard/dashboard.effects.spec.ts(151,9): error TS2349: This expression is not callable.
  Type 'TestContext' has no call signatures.
src/app/store/dashboard/dashboard.effects.spec.ts(159,9): error TS2349: This expression is not callable.
  Type 'TestContext' has no call signatures.
src/app/store/dashboard/dashboard.effects.spec.ts(170,9): error TS2349: This expression is not callable.
  Type 'TestContext' has no call signatures.
src/app/store/employees/employees.effects.spec.ts(42,9): error TS2349: This expression is not callable.
  Type 'TestContext' has no call signatures.
src/app/store/employees/employees.effects.spec.ts(53,9): error TS2349: This expression is not callable.
  Type 'TestContext' has no call signatures.
src/app/store/employees/employees.effects.spec.ts(76,9): error TS2349: This expression is not callable.
  Type 'TestContext' has no call signatures.
src/app/store/employees/employees.effects.spec.ts(97,9): error TS2349: This expression is not callable.
  Type 'TestContext' has no call signatures.
src/app/store/employees/employees.effects.spec.ts(120,9): error TS2349: This expression is not callable.
  Type 'TestContext' has no call signatures.
src/app/store/employees/employees.effects.spec.ts(141,9): error TS2349: This expression is not callable.
  Type 'TestContext' has no call signatures.
src/app/store/employees/employees.effects.spec.ts(153,9): error TS2349: This expression is not callable.
  Type 'TestContext' has no call signatures.
src/app/store/employees/employees.effects.spec.ts(163,9): error TS2349: This expression is not callable.
  Type 'TestContext' has no call signatures.
src/app/store/employees/employees.effects.spec.ts(176,9): error TS2349: This expression is not callable.
  Type 'TestContext' has no call signatures.
src/app/store/performance/performance.effects.spec.ts(36,9): error TS2349: This expression is not callable.
  Type 'TestContext' has no call signatures.
src/app/store/performance/performance.effects.spec.ts(45,9): error TS2349: This expression is not callable.
  Type 'TestContext' has no call signatures.
src/app/store/performance/performance.effects.spec.ts(64,9): error TS2349: This expression is not callable.
  Type 'TestContext' has no call signatures.
src/app/store/performance/performance.effects.spec.ts(81,9): error TS2349: This expression is not callable.
  Type 'TestContext' has no call signatures.
src/app/store/performance/performance.effects.spec.ts(100,9): error TS2349: This expression is not callable.
  Type 'TestContext' has no call signatures.
src/app/store/performance/performance.effects.spec.ts(117,9): error TS2349: This expression is not callable.
  Type 'TestContext' has no call signatures.
src/app/store/performance/performance.effects.spec.ts(127,9): error TS2349: This expression is not callable.
  Type 'TestContext' has no call signatures.
src/app/store/performance/performance.effects.spec.ts(135,9): error TS2349: This expression is not callable.
  Type 'TestContext' has no call signatures.
src/app/store/performance/performance.effects.spec.ts(146,9): error TS2349: This expression is not callable.
  Type 'TestContext' has no call signatures.
src/app/store/preferences/preferences.effects.spec.ts(41,9): error TS2349: This expression is not callable.
  Type 'TestContext' has no call signatures.
src/app/store/preferences/preferences.effects.spec.ts(50,9): error TS2349: This expression is not callable.
  Type 'TestContext' has no call signatures.
src/app/store/preferences/preferences.effects.spec.ts(61,9): error TS2349: This expression is not callable.
  Type 'TestContext' has no call signatures.
src/app/store/preferences/preferences.effects.spec.ts(70,9): error TS2349: This expression is not callable.
  Type 'TestContext' has no call signatures.
src/app/store/preferences/preferences.effects.spec.ts(94,9): error TS2349: This expression is not callable.
  Type 'TestContext' has no call signatures.
src/app/store/preferences/preferences.effects.spec.ts(116,9): error TS2349: This expression is not callable.
  Type 'TestContext' has no call signatures.
src/app/store/preferences/preferences.effects.spec.ts(133,9): error TS2349: This expression is not callable.
  Type 'TestContext' has no call signatures.
src/app/store/preferences/preferences.effects.spec.ts(148,9): error TS2349: This expression is not callable.
  Type 'TestContext' has no call signatures.
src/app/store/preferences/preferences.effects.spec.ts(158,9): error TS2349: This expression is not callable.
  Type 'TestContext' has no call signatures.
src/app/store/preferences/preferences.effects.spec.ts(166,9): error TS2349: This expression is not callable.
  Type 'TestContext' has no call signatures.
src/app/store/preferences/preferences.effects.spec.ts(183,9): error TS2349: This expression is not callable.
  Type 'TestContext' has no call signatures.
src/app/store/preferences/preferences.effects.spec.ts(198,9): error TS2349: This expression is not callable.
  Type 'TestContext' has no call signatures.
src/app/store/preferences/preferences.effects.spec.ts(209,9): error TS2349: This expression is not callable.
  Type 'TestContext' has no call signatures.
