
 RUN  v4.1.4 C:/Users/Memo/Desktop/Projects/New folder/HR-Dashboard/hr-analytics-platform

 Γ¥» src/app/pages/employees/employees.component.spec.ts (11 tests | 11 failed) 2570ms
     ├ù should create 2053ms
     ├ù should display employee count 98ms
     ├ù should calculate active employees count correctly 46ms
     ├ù should calculate on leave count correctly 54ms
     ├ù should calculate average performance score 52ms
     ├ù should count unique departments 42ms
     ├ù should filter employees by department 76ms
     ├ù should filter employees by status 29ms
     ├ù should filter employees by performance score range 51ms
     ├ù should handle search results 26ms
     ├ù should apply multiple filters simultaneously 35ms
node.exe : 
At C:\Program Files\nodejs\npx.ps1:29 char:3
+   & $NODE_EXE $NPX_CLI_JS $args
+   ~~~~~~~~~~~~~~~~~~~~~~~~~~~~~
    + CategoryInfo          : NotSpecified: (:String) [], RemoteException
    + FullyQualifiedErrorId : NativeCommandError
 
ΓÄ»ΓÄ»ΓÄ»ΓÄ»ΓÄ»ΓÄ» Failed Tests 11 ΓÄ»ΓÄ»ΓÄ»ΓÄ»ΓÄ»ΓÄ»ΓÄ»

 FAIL  src/app/pages/employees/employees.component.spec.ts > EmployeesComponent > should create
 FAIL  src/app/pages/employees/employees.component.spec.ts > EmployeesComponent > should display employee count
 FAIL  src/app/pages/employees/employees.component.spec.ts > EmployeesComponent > should calculate active employees 
count correctly
 FAIL  src/app/pages/employees/employees.component.spec.ts > EmployeesComponent > should calculate on leave count 
correctly
 FAIL  src/app/pages/employees/employees.component.spec.ts > EmployeesComponent > should calculate average performance 
score
 FAIL  src/app/pages/employees/employees.component.spec.ts > EmployeesComponent > should count unique departments
 FAIL  src/app/pages/employees/employees.component.spec.ts > EmployeesComponent > should filter employees by department
 FAIL  src/app/pages/employees/employees.component.spec.ts > EmployeesComponent > should filter employees by status
 FAIL  src/app/pages/employees/employees.component.spec.ts > EmployeesComponent > should filter employees by 
performance score range
 FAIL  src/app/pages/employees/employees.component.spec.ts > EmployeesComponent > should handle search results
 FAIL  src/app/pages/employees/employees.component.spec.ts > EmployeesComponent > should apply multiple filters 
simultaneously
Error: NG0202: This constructor is not compatible with Angular Dependency Injection because its dependency at index 0 
of the parameter list is invalid.
This can happen if the dependency type is a primitive like a string or if an ancestor of this class is missing an 
Angular decorator.

Please check that 1) the type for the parameter at index 0 is correct and 2) the correct Angular decorators are 
defined for this class and its ancestors.
 Γ¥» ╔╡╔╡invalidFactoryDep 
../../../New%20folder/HR-Dashboard/hr-analytics-platform/node_modules/@angular/core/fesm2022/_effect-chunk2.mjs:687:9
 Γ¥» NodeInjectorFactory.EmployeesComponent_Factory [as factory] ng:/EmployeesComponent/╔╡fac.js:5:62
 Γ¥» getNodeInjectable ../../../New%20folder/HR-Dashboard/hr-analytics-platform/node_modules/@angular/core/fesm2022/_de
bug_node-chunk.mjs:1044:38
 Γ¥» instantiateAllDirectives ../../../New%20folder/HR-Dashboard/hr-analytics-platform/node_modules/@angular/core/fesm2
022/_debug_node-chunk.mjs:5230:23
 Γ¥» createDirectivesInstances ../../../New%20folder/HR-Dashboard/hr-analytics-platform/node_modules/@angular/core/fesm
2022/_debug_node-chunk.mjs:5089:3
 Γ¥» ComponentFactory.createComponentRef ../../../New%20folder/HR-Dashboard/hr-analytics-platform/node_modules/@angular
/core/fesm2022/_debug_node-chunk.mjs:8727:7
 Γ¥» ComponentFactory.create ../../../New%20folder/HR-Dashboard/hr-analytics-platform/node_modules/@angular/core/fesm20
22/_debug_node-chunk.mjs:8707:21
 Γ¥» initComponent 
../../../New%20folder/HR-Dashboard/hr-analytics-platform/node_modules/@angular/core/fesm2022/testing.mjs:1475:45
 Γ¥» NoopNgZone.run 
../../../New%20folder/HR-Dashboard/hr-analytics-platform/node_modules/@angular/core/fesm2022/_effect-chunk2.mjs:2570:15
 Γ¥» TestBedImpl.createComponent 
../../../New%20folder/HR-Dashboard/hr-analytics-platform/node_modules/@angular/core/fesm2022/testing.mjs:1480:37

ΓÄ»ΓÄ»ΓÄ»ΓÄ»ΓÄ»ΓÄ»ΓÄ»ΓÄ»ΓÄ»ΓÄ»ΓÄ»ΓÄ»ΓÄ»ΓÄ»ΓÄ»ΓÄ»ΓÄ»ΓÄ»ΓÄ»ΓÄ»ΓÄ»ΓÄ»ΓÄ»[1/11]ΓÄ»


 Test Files  1 failed (1)
      Tests  11 failed (11)
   Start at  22:57:35
   Duration  34.26s (transform 4.05s, setup 4.74s, import 15.48s, tests 2.57s, environment 8.34s)

